▲ Next.js 16.2.6 (Turbopack)
- Local:         http://localhost:3000
- Network:       http://26.76.1.22:3000
✓ Ready in 1481ms

 GET / 200 in 3.1s (next.js: 2.8s, application-code: 302ms)
 GET / 200 in 362ms (next.js: 14ms, application-code: 348ms)
 GET / 200 in 203ms (next.js: 15ms, application-code: 188ms)
✓ Compiled in 89ms
 GET / 200 in 302ms (next.js: 137ms, application-code: 165ms)
 GET / 200 in 106ms (next.js: 8ms, application-code: 98ms)
✓ Compiled in 640ms
 GET / 200 in 406ms (next.js: 216ms, application-code: 190ms)
 GET / 200 in 60ms (next.js: 17ms, application-code: 43ms)
✓ Compiled in 127ms
 GET / 200 in 131ms (next.js: 6ms, application-code: 125ms)
 GET / 200 in 62ms (next.js: 10ms, application-code: 52ms)
✓ Compiled in 406ms
 GET / 200 in 939ms (next.js: 324ms, application-code: 615ms)
 GET / 200 in 393ms (next.js: 39ms, application-code: 354ms)
 GET / 200 in 388ms (next.js: 153ms, application-code: 236ms)
 GET / 200 in 135ms (next.js: 6ms, application-code: 128ms)
✓ Compiled in 432ms
 GET / 200 in 351ms (next.js: 228ms, application-code: 124ms)
 GET / 200 in 342ms (next.js: 303ms, application-code: 39ms)
✓ Compiled in 129ms
 GET / 200 in 204ms (next.js: 97ms, application-code: 107ms)
 GET / 200 in 206ms (next.js: 173ms, application-code: 33ms)
✓ Compiled in 123ms
 GET / 200 in 187ms (next.js: 113ms, application-code: 74ms)
 GET / 200 in 186ms (next.js: 157ms, application-code: 29ms)
✓ Compiled in 61ms
 GET / 200 in 256ms (next.js: 163ms, application-code: 93ms)
 GET / 200 in 255ms (next.js: 219ms, application-code: 36ms)
✓ Compiled in 121ms
 GET / 200 in 512ms (next.js: 303ms, application-code: 209ms)
 GET / 200 in 511ms (next.js: 385ms, application-code: 126ms)
✓ Compiled in 119ms
 GET / 200 in 225ms (next.js: 120ms, application-code: 105ms)
 GET / 200 in 225ms (next.js: 171ms, application-code: 54ms)
✓ Compiled in 189ms
 GET / 200 in 435ms (next.js: 182ms, application-code: 253ms)
 GET / 200 in 435ms (next.js: 249ms, application-code: 186ms)
✓ Finished writing to filesystem cache in 11.1s
✓ Compiled in 121ms
 GET / 200 in 230ms (next.js: 124ms, application-code: 106ms)
 GET / 200 in 231ms (next.js: 183ms, application-code: 48ms)
✓ Compiled in 118ms
 GET / 200 in 280ms (next.js: 130ms, application-code: 150ms)
 GET / 200 in 280ms (next.js: 199ms, application-code: 81ms)
✓ Compiled in 124ms
 GET / 200 in 341ms (next.js: 165ms, application-code: 175ms)
 GET / 200 in 342ms (next.js: 267ms, application-code: 75ms)
✓ Compiled in 97ms
 GET / 200 in 217ms (next.js: 129ms, application-code: 88ms)
 GET / 200 in 219ms (next.js: 178ms, application-code: 41ms)
✓ Compiled in 77ms
 GET / 200 in 313ms (next.js: 143ms, application-code: 170ms)
 GET / 200 in 312ms (next.js: 199ms, application-code: 113ms)
✓ Compiled in 108ms
 GET / 200 in 208ms (next.js: 7ms, application-code: 201ms)
 GET / 200 in 50ms (next.js: 5ms, application-code: 45ms)
✓ Compiled in 163ms
 GET / 200 in 368ms (next.js: 229ms, application-code: 139ms)
 GET / 200 in 58ms (next.js: 14ms, application-code: 44ms)
 GET / 200 in 186ms (next.js: 9ms, application-code: 178ms)
✓ Compiled in 555ms
 GET / 200 in 1284ms (next.js: 912ms, application-code: 372ms)
 GET / 200 in 212ms (next.js: 18ms, application-code: 193ms)
✓ Compiled in 138ms
 GET / 200 in 209ms (next.js: 114ms, application-code: 95ms)
 GET / 200 in 209ms (next.js: 176ms, application-code: 33ms)
✓ Compiled in 179ms
 GET / 200 in 261ms (next.js: 147ms, application-code: 114ms)
 GET / 200 in 266ms (next.js: 194ms, application-code: 72ms)
✓ Compiled in 81ms
 GET / 200 in 295ms (next.js: 58ms, application-code: 237ms)
 GET / 200 in 135ms (next.js: 14ms, application-code: 121ms)
✓ Compiled in 177ms
 GET / 200 in 1027ms (next.js: 310ms, application-code: 717ms)
✓ Compiled in 477ms
 GET / 200 in 2.3s (next.js: 1906ms, application-code: 443ms)
 GET / 200 in 2.3s (next.js: 2.2s, application-code: 80ms)
✓ Compiled in 223ms
 GET / 200 in 419ms (next.js: 206ms, application-code: 214ms)
 GET / 200 in 420ms (next.js: 336ms, application-code: 84ms)
✓ Compiled in 233ms
 GET / 200 in 252ms (next.js: 155ms, application-code: 97ms)
 GET / 200 in 36ms (next.js: 5ms, application-code: 32ms)
✓ Compiled in 137ms
 GET / 200 in 202ms (next.js: 109ms, application-code: 93ms)
 GET / 200 in 201ms (next.js: 150ms, application-code: 52ms)
✓ Compiled in 152ms
 GET / 200 in 182ms (next.js: 6ms, application-code: 176ms)
 GET / 200 in 413ms (next.js: 139ms, application-code: 274ms)
✓ Compiled in 507ms
 GET / 200 in 1042ms (next.js: 887ms, application-code: 155ms)
 GET / 200 in 1091ms (next.js: 670ms, application-code: 421ms)
 GET / 200 in 219ms (next.js: 12ms, application-code: 207ms)
 GET / 200 in 1067ms (next.js: 158ms, application-code: 908ms)
✓ Compiled in 6.9s
 GET / 200 in 7.3s (next.js: 6.5s, application-code: 816ms)
 GET / 200 in 950ms (next.js: 32ms, application-code: 917ms)
✓ Compiled in 241ms
 GET / 200 in 482ms (next.js: 269ms, application-code: 213ms)
 GET / 200 in 483ms (next.js: 409ms, application-code: 74ms)
✓ Compiled in 139ms
 GET / 200 in 380ms (next.js: 189ms, application-code: 191ms)
 GET / 200 in 382ms (next.js: 275ms, application-code: 107ms)
✓ Compiled in 182ms
 GET / 200 in 347ms (next.js: 217ms, application-code: 129ms)
 GET / 200 in 348ms (next.js: 280ms, application-code: 68ms)
✓ Compiled in 142ms
✓ Compiled in 203ms
 GET / 200 in 505ms (next.js: 331ms, application-code: 174ms)
 GET / 200 in 501ms (next.js: 436ms, application-code: 65ms)
 GET / 200 in 1996ms (next.js: 322ms, application-code: 1674ms)
 GET / 200 in 271ms (next.js: 72ms, application-code: 199ms)
✓ Compiled in 554ms
 GET / 200 in 522ms (next.js: 361ms, application-code: 161ms)
 GET / 200 in 95ms (next.js: 8ms, application-code: 87ms)
 GET / 200 in 97ms (next.js: 52ms, application-code: 45ms)
 GET / 200 in 1148ms (next.js: 39ms, application-code: 1110ms)
 GET / 200 in 68ms (next.js: 7ms, application-code: 61ms)
 GET / 200 in 1287ms (next.js: 286ms, application-code: 1001ms)
