[browser] The final argument passed to useEffect changed size between renders. The order and size of this array must remain constant.

Previous: []
Incoming: [, ] 
    at EnglishDiagnostic (app/english-diagnostic(1).jsx:1110:12)
    at Set.forEach (<anonymous>)
  1108 |     : null;
  1109 |
> 1110 |   useEffect(() => {
       |            ^
  1111 |     if (!session.sectionReview && currentItem) {
  1112 |       questionStartedAtRef.current = Date.now();
  1113 |     } (app/english-diagnostic(1)
[browser] The final argument passed to useEffect changed size between renders. The order and size of this array must remain constant.

Previous: [result, [object Object], ]
Incoming: [result, [object Object], , ] 
    at EnglishDiagnostic (app/english-diagnostic(1).jsx:1116:12)
    at Set.forEach (<anonymous>)
  1114 |   }, [currentItem, session.sectionReview]);
  1115 |
> 1116 |   useEffect(() => {
       |            ^
  1117 |     if (
  1118 |       session.phase !== "result" ||
  1119 |       session.sectionReview || (app/english-diagnostic(1)
[browser] The final argument passed to useEffect changed size between renders. The order and size of this array must remain constant.

Previous: [A2-l-01]
Incoming: [[object Object], ] 
    at EnglishDiagnostic (app/english-diagnostic(1).jsx:1110:12)
    at Set.forEach (<anonymous>)
  1108 |     : null;
  1109 |
> 1110 |   useEffect(() => {
       |            ^
  1111 |     if (!session.sectionReview && currentItem) {
  1112 |       questionStartedAtRef.current = Date.now();
  1113 |     } (app/english-diagnostic(1)
[browser] The final argument passed to useEffect changed size between renders. The order and size of this array must remain constant.

Previous: [start, , ]
Incoming: [start, , , ] 
    at EnglishDiagnostic (app/english-diagnostic(1).jsx:1116:12)
    at Set.forEach (<anonymous>)
  1114 |   }, [currentItem, session.sectionReview]);
  1115 |
> 1116 |   useEffect(() => {
       |            ^
  1117 |     if (
  1118 |       session.phase !== "result" ||
  1119 |       session.sectionReview || (app/english-diagnostic(1)
^C